../Core/Src/main.c:93:6:processReceivedData	32	static
../Core/Src/main.c:135:6:HAL_UART_RxCpltCallback	16	static
../Core/Src/main.c:149:6:processGNGGA	24	static
../Core/Src/main.c:167:6:processGNRMC	24	static
../Core/Src/main.c:188:5:main	8	static
../Core/Src/main.c:245:6:SystemClock_Config	88	static
../Core/Src/main.c:287:13:MX_UART4_Init	8	static
../Core/Src/main.c:320:13:MX_USART2_UART_Init	8	static
../Core/Src/main.c:351:13:MX_DMA_Init	16	static
../Core/Src/main.c:369:13:MX_GPIO_Init	16	static
../Core/Src/main.c:389:6:Error_Handler	4	static,ignoring_inline_asm
