../Core/Src/main.c:206:6:HAL_UARTEx_RxEventCallback	16	static
../Core/Src/main.c:234:6:HAL_SPI_TxRxCpltCallback	16	static
../Core/Src/main.c:253:6:HAL_TIM_PeriodElapsedCallback	16	static
../Core/Src/main.c:317:6:canopeninit___	8	static
../Core/Src/main.c:334:6:HAL_ADC_ConvCpltCallback	24	static
../Core/Src/main.c:357:5:main	128	static
../Core/Src/main.c:504:6:SystemClock_Config	88	static
../Core/Src/main.c:553:13:MX_ADC1_Init	24	static
../Core/Src/main.c:605:13:MX_CAN1_Init	8	static
../Core/Src/main.c:642:13:MX_RTC_Init	32	static
../Core/Src/main.c:707:13:MX_SDIO_MMC_Init	8	static
../Core/Src/main.c:743:13:MX_SPI1_Init	8	static
../Core/Src/main.c:781:13:MX_SPI2_Init	8	static
../Core/Src/main.c:819:13:MX_TIM1_Init	32	static
../Core/Src/main.c:865:13:MX_TIM2_Init	72	static
../Core/Src/main.c:939:13:MX_TIM3_Init	72	static
../Core/Src/main.c:1013:13:MX_TIM4_Init	72	static
../Core/Src/main.c:1087:13:MX_TIM8_Init	72	static
../Core/Src/main.c:1162:13:MX_TIM14_Init	8	static
../Core/Src/main.c:1193:13:MX_UART4_Init	8	static
../Core/Src/main.c:1226:13:MX_USART2_UART_Init	8	static
../Core/Src/main.c:1257:13:MX_DMA_Init	16	static
../Core/Src/main.c:1294:13:MX_GPIO_Init	48	static
../Core/Src/main.c:1356:6:Error_Handler	4	static,ignoring_inline_asm
