../Core/Src/main.c:211:6:HAL_UARTEx_RxEventCallback	16	static
../Core/Src/main.c:239:6:HAL_SPI_TxRxCpltCallback	16	static
../Core/Src/main.c:258:6:HAL_TIM_PeriodElapsedCallback	16	static
../Core/Src/main.c:322:6:canopeninit___	8	static
../Core/Src/main.c:339:6:HAL_ADC_ConvCpltCallback	24	static
../Core/Src/main.c:362:5:main	128	static
../Core/Src/main.c:509:6:SystemClock_Config	88	static
../Core/Src/main.c:558:13:MX_ADC1_Init	24	static
../Core/Src/main.c:610:13:MX_CAN1_Init	8	static
../Core/Src/main.c:647:13:MX_RTC_Init	32	static
../Core/Src/main.c:712:13:MX_SDIO_MMC_Init	8	static
../Core/Src/main.c:748:13:MX_SPI1_Init	8	static
../Core/Src/main.c:786:13:MX_SPI2_Init	8	static
../Core/Src/main.c:824:13:MX_TIM1_Init	32	static
../Core/Src/main.c:870:13:MX_TIM2_Init	72	static
../Core/Src/main.c:944:13:MX_TIM3_Init	72	static
../Core/Src/main.c:1018:13:MX_TIM4_Init	72	static
../Core/Src/main.c:1092:13:MX_TIM8_Init	72	static
../Core/Src/main.c:1167:13:MX_TIM14_Init	8	static
../Core/Src/main.c:1198:13:MX_UART4_Init	8	static
../Core/Src/main.c:1231:13:MX_USART2_UART_Init	8	static
../Core/Src/main.c:1262:13:MX_DMA_Init	16	static
../Core/Src/main.c:1299:13:MX_GPIO_Init	48	static
../Core/Src/main.c:1361:6:Error_Handler	4	static,ignoring_inline_asm
