../Core/Src/sensors.c:13:6:Strain_gauge_ISR	4	static
../Core/Src/sensors.c:14:6:IMU_Attitude_ISR	4	static
../Core/Src/sensors.c:15:6:Oil_pressure_ISR	8	static
../Core/Src/sensors.c:19:6:write_brake_pressure_data	112	static
../Core/Src/sensors.c:32:6:Front_suspension_vision_ISR	4	static
../Core/Src/sensors.c:37:6:Oil_pressure_Init	4	static
../Core/Src/sensors.c:38:6:Front_suspension_magnet_Init	4	static
../Core/Src/sensors.c:39:6:Front_suspension_vision_Init	4	static
../Core/Src/sensors.c:40:6:Rear_suspension_Init	4	static
../Core/Src/sensors.c:41:6:Steering_angle_Init	4	static
../Core/Src/sensors.c:42:6:Strain_gauge_Init	4	static
../Core/Src/sensors.c:44:6:GPS_Init	4	static
../Core/Src/sensors.c:45:6:Speed_Init	4	static
../Core/Src/sensors.c:47:6:Mem_Init	4	static
../Core/Src/sensors.c:53:6:Oil_pressure_Setup	4	static
../Core/Src/sensors.c:54:6:Front_suspension_magnet_Setup	4	static
../Core/Src/sensors.c:55:6:Front_suspension_vision_Setup	4	static
../Core/Src/sensors.c:56:6:Rear_suspension_Setup	4	static
../Core/Src/sensors.c:57:6:Steering_angle_Setup	4	static
../Core/Src/sensors.c:58:6:Strain_gauge_Setup	4	static
../Core/Src/sensors.c:62:6:GPS_Setup	4	static
../Core/Src/sensors.c:63:6:Speed_Setup	4	static
../Core/Src/sensors.c:65:6:Mem_Setup	4	static
