../CANopenNode/301/CO_driver.h:601:1:CO_getUint8	24	static
../CANopenNode/301/CO_driver.h:609:1:CO_getUint16	24	static
../CANopenNode/301/CO_driver.h:617:1:CO_getUint32	24	static
../CANopenNode/301/CO_driver.h:646:1:CO_setUint32	16	static
../CANopenNode/301/CO_ODinterface.h:343:1:OD_getIndex	16	static
../CANopenNode/301/CO_ODinterface.h:463:1:OD_extension_init	16	static
../CANopenNode/301/CO_ODinterface.h:518:1:OD_get_u8	32	static
../CANopenNode/301/CO_ODinterface.h:524:1:OD_get_u16	32	static
../CANopenNode/301/CO_ODinterface.h:530:1:OD_get_u32	32	static
../CANopenNode/301/CO_PDO.c:40:1:OD_write_dummy	24	static
../CANopenNode/301/CO_PDO.c:55:1:OD_read_dummy	24	static
../CANopenNode/301/CO_PDO.c:82:1:PDOconfigMap	88	static
../CANopenNode/301/CO_PDO.c:152:1:PDO_initMapping	56	static
../CANopenNode/301/CO_PDO.c:217:1:OD_write_PDO_mapping	64	static
../CANopenNode/301/CO_PDO.c:380:1:OD_read_PDO_commParam	40	static
../CANopenNode/301/CO_PDO.c:434:1:CO_PDO_receive	40	static
../CANopenNode/301/CO_PDO.c:488:1:OD_write_14xx	80	static
../CANopenNode/301/CO_PDO.c:583:1:CO_RPDO_init	72	static
../CANopenNode/301/CO_PDO.c:705:1:CO_RPDO_process	104	static
../CANopenNode/301/CO_PDO.c:877:1:OD_write_18xx	88	static
../CANopenNode/301/CO_PDO.c:989:1:CO_TPDO_init	64	static
../CANopenNode/301/CO_PDO.c:1127:1:CO_TPDOsend	88	static
../CANopenNode/301/CO_PDO.c:1230:1:CO_TPDO_process	40	static
