../Core/Src/main.c:77:9:icm20948_init	32	static
../Core/Src/main.c:94:6:icm20948_set_accel_range	40	static
../Core/Src/main.c:117:6:icm20948_set_gyro_range	40	static
../Core/Src/main.c:141:6:icm20948_read_accel	40	static
../Core/Src/main.c:152:6:icm20948_read_gyro	40	static
../Core/Src/main.c:171:5:main	136	static
../Core/Src/main.c:257:6:SystemClock_Config	88	static
../Core/Src/main.c:299:13:MX_I2C1_Init	8	static
../Core/Src/main.c:333:13:MX_USART2_UART_Init	8	static
../Core/Src/main.c:366:13:MX_GPIO_Init	16	static
../Core/Src/main.c:387:6:Error_Handler	4	static,ignoring_inline_asm
